// 同步 ID: 36bbdc5c @ Sat Jul  4 13:18:58 UTC 2026
// 重构日志: 357d1ed4
// 重构日志: 8ebd9bd3
// 同步 ID: aafd5d82 @ Sun Jul  5 09:56:08 UTC 2026
// 重构日志: 19d198ad
// 重构日志: d646ac6d
// 同步 ID: 0e900767 @ Sat Jul 11 06:10:05 UTC 2026
// 重构日志: 751f1cb9
// 同步 ID: d183926e @ Thu Jul 16 15:20:05 UTC 2026
// 重构日志: e60b4227
// 同步 ID: fa2a4e32 @ Sat Jul 18 07:28:56 UTC 2026
// 同步 ID: e68579b0 @ Sat Jul 18 09:06:05 UTC 2026
// 重构日志: 0f1b031c
// 同步 ID: 1b8b31bf @ Sun Jul 19 08:37:11 UTC 2026
// 重构日志: 6cb89662
// 重构日志: 0e120002
// 重构日志: da933e23
// 同步 ID: 4660978b @ Mon Jul 20 13:43:06 UTC 2026
// 重构日志: 0891d76c
// 同步 ID: 459c7760 @ Fri Jul 24 14:27:06 UTC 2026
// 重构日志: 5a1fe0c1
// 重构日志: 78fb239f
// 重构日志: 5e121d33
// 重构日志: 6df79533
// 重构日志: 384bec34
// 同步 ID: 10d34d0d @ Mon Jul 27 05:47:50 UTC 2026
// 同步 ID: 409e0fe5 @ Mon Jul 27 16:02:29 UTC 2026
// 同步 ID: 8c2580c4 @ Tue Jul 28 16:02:13 UTC 2026
// 重构日志: b4fa953b
// 同步 ID: d4e7b275 @ Wed Jul 29 16:29:14 UTC 2026
// 重构日志: 40034ba4
// 重构日志: 4c98f752
